This is pdfTeX, Version 3.141592653-2.6-1.40.26 (TeX Live 2024) (preloaded format=pdflatex 2024.10.25)  25 AUG 2026 11:47
entering extended mode
 restricted \write18 enabled.
 file:line:error style messages enabled.
 %&-line parsing enabled.
**index.html
(./index.html
LaTeX2e <2024-06-01> patch level 2
L3 programming layer <2024-10-09>

./index.html:1: LaTeX Error: Missing \begin{document}.

See the LaTeX manual or LaTeX Companion for explanation.
Type  H <return>  for immediate help.
 ...                                              
                                                  
l.1 <
     HEAD><META HTTP-EQUIV="Content-Type" CONTENT="text/html;
? 
./index.html:1: Emergency stop.
 ...                                              
                                                  
l.1 <
     HEAD><META HTTP-EQUIV="Content-Type" CONTENT="text/html;
You're in trouble here.  Try typing  <return>  to proceed.
If that doesn't work, type  X <return>  to quit.

 
Here is how much of TeX's memory you used:
 15 strings out of 473577
 471 string characters out of 5728189
 386806 words of memory out of 5000000
 23013 multiletter control sequences out of 15000+600000
 558069 words of font info for 36 fonts, out of 8000000 for 9000
 1141 hyphenation exceptions out of 8191
 15i,0n,18p,103b,14s stack positions out of 10000i,1000n,20000p,200000b,200000s
./index.html:1:  ==> Fatal error occurred, no output PDF file produced!
