This is pdfTeX, Version 3.141592653-2.6-1.40.26 (TeX Live 2024) (preloaded format=pdflatex 2024.10.25)  25 AUG 2026 11:58
entering extended mode
 restricted \write18 enabled.
 file:line:error style messages enabled.
 %&-line parsing enabled.
**math_ia.html
(./math_ia.html
LaTeX2e <2024-06-01> patch level 2
L3 programming layer <2024-10-09>

./math_ia.html:1: LaTeX Error: Invalid UTF-8 byte "FF.

See the LaTeX manual or LaTeX Companion for explanation.
Type  H <return>  for immediate help.
 ...                                              
                                                  
l.1 ÿ
     þ<^^@H^^@E^^@A^^@D^^@>^^@<^^@M^^@E^^@T^^@A^^@ ^^@H^^@T^^@T^^@P^^@-^^@E^...

? 
./math_ia.html:1: Emergency stop.
 ...                                              
                                                  
l.1 ÿ
     þ<^^@H^^@E^^@A^^@D^^@>^^@<^^@M^^@E^^@T^^@A^^@ ^^@H^^@T^^@T^^@P^^@-^^@E^...

The document does not appear to be in UTF-8 encoding.
Try adding \UseRawInputEncoding as the first line of the file
or specify an encoding such as \usepackage [latin1]{inputenc}
in the document preamble.
Alternatively, save the file in UTF-8 using your editor or another tool

 
Here is how much of TeX's memory you used:
 16 strings out of 473577
 482 string characters out of 5728189
 386806 words of memory out of 5000000
 23013 multiletter control sequences out of 15000+600000
 558069 words of font info for 36 fonts, out of 8000000 for 9000
 1141 hyphenation exceptions out of 8191
 12i,0n,13p,160b,14s stack positions out of 10000i,1000n,20000p,200000b,200000s
./math_ia.html:1:  ==> Fatal error occurred, no output PDF file produced!
